WebSocket server error: Port is already in use
PASS prefix 10:0
PASS prefix 10:1
PASS prefix 10:2
PASS prefix 10:3
PASS prefix 10:4
PASS prefix 10:5
PASS prefix 10:6
PASS prefix 10:7
PASS prefix 10:8
PASS prefix 10:9
PASS prefix 10:10
PASS prefix 10:11
PASS prefix 10:12
PASS prefix 10:13
PASS prefix 10:14
PASS prefix 10:15
PASS prefix 10:16
PASS prefix 10:17
PASS prefix 10:18
PASS native 10 Young4 19 prefixes
PASS prefix 22:0
PASS prefix 22:1
PASS prefix 22:2
PASS prefix 22:3
PASS prefix 22:4
PASS prefix 22:5
PASS prefix 22:6
PASS prefix 22:7
PASS prefix 22:8
PASS prefix 22:9
PASS prefix 22:10
PASS prefix 22:11
PASS prefix 22:12
PASS prefix 22:13
PASS prefix 22:14
PASS prefix 22:15
PASS prefix 22:16
PASS prefix 22:17
PASS prefix 22:18
PASS native 22 RampMiddle 19 prefixes
PASS prefix 34:0
PASS prefix 34:1
PASS prefix 34:2
PASS prefix 34:3
PASS prefix 34:4
PASS prefix 34:5
PASS prefix 34:6
PASS prefix 34:7
PASS prefix 34:8
PASS prefix 34:9
PASS prefix 34:10
PASS prefix 34:11
PASS prefix 34:12
PASS prefix 34:13
PASS prefix 34:14
PASS prefix 34:15
PASS prefix 34:16
PASS prefix 34:17
PASS prefix 34:18
PASS native 34 Constitution-1 19 prefixes
