WebSocket server error: Port is already in use
PASS prefix 7:0
PASS prefix 7:1
PASS prefix 7:2
PASS prefix 7:3
PASS prefix 7:4
PASS prefix 7:5
PASS prefix 7:6
PASS prefix 7:7
PASS prefix 7:8
PASS prefix 7:9
PASS prefix 7:10
PASS prefix 7:11
PASS prefix 7:12
PASS prefix 7:13
PASS prefix 7:14
PASS prefix 7:15
PASS prefix 7:16
PASS prefix 7:17
PASS prefix 7:18
PASS native 7 Mature2 19 prefixes
PASS prefix 19:0
PASS prefix 19:1
PASS prefix 19:2
PASS prefix 19:3
PASS prefix 19:4
PASS prefix 19:5
PASS prefix 19:6
PASS prefix 19:7
PASS prefix 19:8
PASS prefix 19:9
PASS prefix 19:10
PASS prefix 19:11
PASS prefix 19:12
PASS prefix 19:13
PASS prefix 19:14
PASS prefix 19:15
PASS prefix 19:16
PASS prefix 19:17
PASS prefix 19:18
PASS native 19 NoFormation 19 prefixes
PASS prefix 31:0
PASS prefix 31:1
PASS prefix 31:2
PASS prefix 31:3
PASS prefix 31:4
PASS prefix 31:5
PASS prefix 31:6
PASS prefix 31:7
PASS prefix 31:8
PASS prefix 31:9
PASS prefix 31:10
PASS prefix 31:11
PASS prefix 31:12
PASS prefix 31:13
PASS prefix 31:14
PASS prefix 31:15
PASS prefix 31:16
PASS prefix 31:17
PASS prefix 31:18
PASS native 31 AbsentReport 19 prefixes
