WebSocket server error: Port is already in use
PASS prefix 11:0
PASS prefix 11:1
PASS prefix 11:2
PASS prefix 11:3
PASS prefix 11:4
PASS prefix 11:5
PASS prefix 11:6
PASS prefix 11:7
PASS prefix 11:8
PASS prefix 11:9
PASS prefix 11:10
PASS prefix 11:11
PASS prefix 11:12
PASS prefix 11:13
PASS prefix 11:14
PASS prefix 11:15
PASS prefix 11:16
PASS prefix 11:17
PASS prefix 11:18
PASS native 11 Mature4 19 prefixes
PASS prefix 23:0
PASS prefix 23:1
PASS prefix 23:2
PASS prefix 23:3
PASS prefix 23:4
PASS prefix 23:5
PASS prefix 23:6
PASS prefix 23:7
PASS prefix 23:8
PASS prefix 23:9
PASS prefix 23:10
PASS prefix 23:11
PASS prefix 23:12
PASS prefix 23:13
PASS prefix 23:14
PASS prefix 23:15
PASS prefix 23:16
PASS prefix 23:17
PASS prefix 23:18
PASS native 23 ConstantYoung 19 prefixes
PASS prefix 35:0
PASS prefix 35:1
PASS prefix 35:2
PASS prefix 35:3
PASS prefix 35:4
PASS prefix 35:5
PASS prefix 35:6
PASS prefix 35:7
PASS prefix 35:8
PASS prefix 35:9
PASS prefix 35:10
PASS prefix 35:11
PASS prefix 35:12
PASS prefix 35:13
PASS prefix 35:14
PASS prefix 35:15
PASS prefix 35:16
PASS prefix 35:17
PASS prefix 35:18
PASS native 35 Constitution1 19 prefixes
