WebSocket server error: Port is already in use
PASS prefix 9:0
PASS prefix 9:1
PASS prefix 9:2
PASS prefix 9:3
PASS prefix 9:4
PASS prefix 9:5
PASS prefix 9:6
PASS prefix 9:7
PASS prefix 9:8
PASS prefix 9:9
PASS prefix 9:10
PASS prefix 9:11
PASS prefix 9:12
PASS prefix 9:13
PASS prefix 9:14
PASS prefix 9:15
PASS prefix 9:16
PASS prefix 9:17
PASS prefix 9:18
PASS native 9 Mature3 19 prefixes
PASS prefix 21:0
PASS prefix 21:1
PASS prefix 21:2
PASS prefix 21:3
PASS prefix 21:4
PASS prefix 21:5
PASS prefix 21:6
PASS prefix 21:7
PASS prefix 21:8
PASS prefix 21:9
PASS prefix 21:10
PASS prefix 21:11
PASS prefix 21:12
PASS prefix 21:13
PASS prefix 21:14
PASS prefix 21:15
PASS prefix 21:16
PASS prefix 21:17
PASS prefix 21:18
PASS native 21 StepMiddle 19 prefixes
PASS prefix 33:0
PASS prefix 33:1
PASS prefix 33:2
PASS prefix 33:3
PASS prefix 33:4
PASS prefix 33:5
PASS prefix 33:6
PASS prefix 33:7
PASS prefix 33:8
PASS prefix 33:9
PASS prefix 33:10
PASS native 33 Saturation4 11 prefixes
